#-----------------------------------------------------------
# Vivado v2024.2 (64-bit)
# SW Build 5239630 on Fri Nov 08 22:35:27 MST 2024
# IP Build 5239520 on Sun Nov 10 16:12:51 MST 2024
# SharedData Build 5239561 on Fri Nov 08 14:39:27 MST 2024
# Start of session at: Sat Sep 19 19:27:11 2026
# Process ID         : 16636
# Current directory  : C:/TAREA1_DSD/bidiretional_port
# Command line       : vivado.exe -gui_launcher_event rodinguilauncherevent11432 C:\TAREA1_DSD\bidiretional_port\bidiretional_port.xpr
# Log file           : C:/TAREA1_DSD/bidiretional_port/vivado.log
# Journal file       : C:/TAREA1_DSD/bidiretional_port\vivado.jou
# Running On         : Yarin
# Platform           : Windows Server 2016 or Windows 10
# Operating System   : 26200
# Processor Detail   : 11th Gen Intel(R) Core(TM) i7-1185G7 @ 3.00GHz
# CPU Frequency      : 1805 MHz
# CPU Physical cores : 4
# CPU Logical cores  : 8
# Host memory        : 34068 MB
# Swap memory        : 2147 MB
# Total Virtual      : 36216 MB
# Available Virtual  : 27930 MB
#-----------------------------------------------------------
start_gui
open_project C:/TAREA1_DSD/bidiretional_port/bidiretional_port.xpr
INFO: [filemgmt 56-3] Default IP Output Path : Could not find the directory 'C:/TAREA1_DSD/bidiretional_port/bidiretional_port.gen/sources_1'.
Scanning sources...
Finished scanning sources
INFO: [IP_Flow 19-234] Refreshing IP repositories
INFO: [IP_Flow 19-1704] No user IP repositories specified
INFO: [IP_Flow 19-2313] Loaded Vivado IP repository 'C:/Xilinx/Vivado/2024.2/data/ip'.
open_project: Time (s): cpu = 00:00:19 ; elapsed = 00:00:07 . Memory (MB): peak = 1119.242 ; gain = 35.965
exit
INFO: [Common 17-206] Exiting Vivado at Sat Sep 19 19:27:55 2026...
