#-----------------------------------------------------------
# Vivado v2024.2 (64-bit)
# SW Build 5239630 on Fri Nov 08 22:35:27 MST 2024
# IP Build 5239520 on Sun Nov 10 16:12:51 MST 2024
# SharedData Build 5239561 on Fri Nov 08 14:39:27 MST 2024
# Start of session at: Sat Sep 19 18:53:48 2026
# Process ID         : 8968
# Current directory  : C:/TAREA1_DSD/tristate_buffer
# Command line       : vivado.exe -gui_launcher_event rodinguilauncherevent5320 C:\TAREA1_DSD\tristate_buffer\tristate_buffer.xpr
# Log file           : C:/TAREA1_DSD/tristate_buffer/vivado.log
# Journal file       : C:/TAREA1_DSD/tristate_buffer\vivado.jou
# Running On         : Yarin
# Platform           : Windows Server 2016 or Windows 10
# Operating System   : 26200
# Processor Detail   : 11th Gen Intel(R) Core(TM) i7-1185G7 @ 3.00GHz
# CPU Frequency      : 1805 MHz
# CPU Physical cores : 4
# CPU Logical cores  : 8
# Host memory        : 34068 MB
# Swap memory        : 2147 MB
# Total Virtual      : 36216 MB
# Available Virtual  : 27969 MB
#-----------------------------------------------------------
start_gui
open_project C:/TAREA1_DSD/tristate_buffer/tristate_buffer.xpr
INFO: [filemgmt 56-3] Default IP Output Path : Could not find the directory 'C:/TAREA1_DSD/tristate_buffer/tristate_buffer.gen/sources_1'.
Scanning sources...
Finished scanning sources
INFO: [IP_Flow 19-234] Refreshing IP repositories
INFO: [IP_Flow 19-1704] No user IP repositories specified
INFO: [IP_Flow 19-2313] Loaded Vivado IP repository 'C:/Xilinx/Vivado/2024.2/data/ip'.
open_project: Time (s): cpu = 00:00:18 ; elapsed = 00:00:06 . Memory (MB): peak = 1132.684 ; gain = 40.004
update_compile_order -fileset sources_1
exit
INFO: [Common 17-206] Exiting Vivado at Sat Sep 19 18:54:34 2026...
