#-----------------------------------------------------------
# Vivado v2024.2 (64-bit)
# SW Build 5239630 on Fri Nov 08 22:35:27 MST 2024
# IP Build 5239520 on Sun Nov 10 16:12:51 MST 2024
# SharedData Build 5239561 on Fri Nov 08 14:39:27 MST 2024
# Start of session at: Wed Sep  9 14:42:20 2026
# Process ID         : 13252
# Current directory  : C:/priority_encoder_if/priority_encoder_if
# Command line       : vivado.exe -gui_launcher_event rodinguilauncherevent9696 C:\priority_encoder_if\priority_encoder_if\priority_encoder_if.xpr
# Log file           : C:/priority_encoder_if/priority_encoder_if/vivado.log
# Journal file       : C:/priority_encoder_if/priority_encoder_if\vivado.jou
# Running On         : Yarin
# Platform           : Windows Server 2016 or Windows 10
# Operating System   : 26200
# Processor Detail   : 11th Gen Intel(R) Core(TM) i7-1185G7 @ 3.00GHz
# CPU Frequency      : 1805 MHz
# CPU Physical cores : 4
# CPU Logical cores  : 8
# Host memory        : 34068 MB
# Swap memory        : 5368 MB
# Total Virtual      : 39437 MB
# Available Virtual  : 30148 MB
#-----------------------------------------------------------
start_gui
open_project C:/priority_encoder_if/priority_encoder_if/priority_encoder_if.xpr
update_compile_order -fileset sources_1
launch_simulation
open_wave_config C:/priority_encoder_if/priority_encoder_if/tb_priority_encoder_if_behav.wcfg
source tb_priority_encoder_if.tcl
close_sim
launch_simulation
open_wave_config C:/priority_encoder_if/priority_encoder_if/tb_priority_encoder_if_behav.wcfg
source tb_priority_encoder_if.tcl
close_sim
